// Jest Snapshot v1, https://goo.gl/fbAQLP

exports[`lonlat errors invalid coordinates should throw error when parsing: "-999,999" 1`] = `"Invalid longitude value: -999"`;

exports[`lonlat errors invalid coordinates should throw error when parsing: "0,999" 1`] = `"Invalid latitude value: 999"`;

exports[`lonlat errors invalid coordinates should throw error when parsing: {"latitude":1234,"lng":1} 1`] = `"Invalid latitude value: 1234"`;

exports[`lonlat errors invalid coordinates should throw error when parsing: {} 1`] = `"Invalid longitude value: undefined"`;

exports[`lonlat errors invalid coordinates should throw error when parsing: undefined 1`] = `"Value must not be null or undefined."`;

exports[`lonlat errors toLeaflet should throw error if leaflet is not loaded 1`] = `"Leaflet not found."`;
